../Core/Src/main.c:131:5:main	256	static
../Core/Src/main.c:354:6:SystemClock_Config	88	static
../Core/Src/main.c:400:13:MX_TIM2_Init	48	static
../Core/Src/main.c:453:13:MX_TIM3_Init	48	static
../Core/Src/main.c:502:13:MX_TIM4_Init	32	static
../Core/Src/main.c:556:13:MX_USART1_UART_Init	8	static
../Core/Src/main.c:589:13:MX_USART6_UART_Init	8	static
../Core/Src/main.c:622:13:MX_GPIO_Init	40	static
../Core/Src/main.c:670:6:HAL_UART_RxCpltCallback	16	static
../Core/Src/main.c:694:6:dataProcess	32	static
../Core/Src/main.c:726:10:speedCalculate	24	static
../Core/Src/main.c:731:6:HAL_TIM_IC_CaptureCallback	16	static
../Core/Src/main.c:752:10:map	16	static
../Core/Src/main.c:761:6:Error_Handler	4	static,ignoring_inline_asm
