../Core/Src/main.c:128:5:main	248	static
../Core/Src/main.c:335:6:SystemClock_Config	88	static
../Core/Src/main.c:381:13:MX_TIM2_Init	48	static
../Core/Src/main.c:434:13:MX_TIM4_Init	32	static
../Core/Src/main.c:488:13:MX_USART1_UART_Init	8	static
../Core/Src/main.c:521:13:MX_USART6_UART_Init	8	static
../Core/Src/main.c:554:13:MX_GPIO_Init	40	static
../Core/Src/main.c:599:6:HAL_UART_RxCpltCallback	16	static
../Core/Src/main.c:623:6:dataProcess	32	static
../Core/Src/main.c:647:10:speedCalculate	24	static
../Core/Src/main.c:652:6:HAL_TIM_IC_CaptureCallback	16	static
../Core/Src/main.c:673:10:map	16	static
../Core/Src/main.c:682:6:Error_Handler	4	static,ignoring_inline_asm
